[warning] build.bin is deprecated; set build.entrypoint instead

  __    _   ___  
 / /\  | | | |_) 
/_/--\ |_| |_| \_ 
v1.67.4, built with Go go1.26.6

mkdir C:\Project_rnldy\indonesia-stocks-api\tmp
watching .
watching cmd
watching cmd\api
!exclude data
watching internal
watching internal\config
watching internal\constants
watching internal\database
watching internal\handlers
watching internal\helpers
watching internal\models
watching internal\repositories
watching internal\routes
watching internal\services
!exclude tmp
building...
!exclude .git
!exclude .git
running...
2026/08/17 02:35:51 ✅ MySQL connected (sqlx)
[GIN-debug] [WARNING] Creating an Engine instance with the Logger and Recovery middleware already attached.

[GIN-debug] [WARNING] Running in "debug" mode. Switch to "release" mode in production.
 - using env:	export GIN_MODE=release
 - using code:	gin.SetMode(gin.ReleaseMode)

[GIN-debug] GET    /health                   --> indonesia-stocks-api/internal/handlers.HealthCheck (3 handlers)
[GIN-debug] GET    /idx/brokersummary        --> indonesia-stocks-api/internal/handlers.FetchBrokerSummary (3 handlers)
[GIN-debug] GET    /idx/brokersummary/analyze --> indonesia-stocks-api/internal/handlers.AnalyzeBrokerSummary (3 handlers)
[GIN-debug] POST   /tradingsummary/insert    --> indonesia-stocks-api/internal/handlers.InsertTradingSummary (3 handlers)
[GIN-debug] POST   /idx/syncbroker           --> indonesia-stocks-api/internal/handlers.SyncBrokerFromIDX (3 handlers)
[GIN-debug] POST   /idx/syncstocks           --> indonesia-stocks-api/internal/handlers.SyncStocksFromIDX (3 handlers)
[GIN-debug] GET    /analyze/single-stocks    --> indonesia-stocks-api/internal/handlers.StatisticSingleStock (3 handlers)
[GIN-debug] GET    /analyze/top-accumulation --> indonesia-stocks-api/internal/handlers.GetTopAccumulation (3 handlers)
[GIN-debug] GET    /analyze/top-accumulation-eod --> indonesia-stocks-api/internal/handlers.GetTopAccumulationEod (3 handlers)
[GIN-debug] GET    /analyze/silent-accumulation --> indonesia-stocks-api/internal/handlers.GetSilentAccumulation (3 handlers)
[GIN-debug] GET    /backtest/top-accumulation-eod --> indonesia-stocks-api/internal/handlers.RunBacktestEOD (3 handlers)
[GIN-debug] GET    /analyze/top-scalping-daily --> indonesia-stocks-api/internal/handlers.GetTopScalping (3 handlers)
[GIN-debug] GET    /exodus/broker-summary    --> indonesia-stocks-api/internal/handlers.GetExodusBrokerSummary (3 handlers)
[GIN-debug] POST   /exodus/broker-summary/fetch --> indonesia-stocks-api/internal/handlers.FetchExodusBrokerSummary (3 handlers)
[GIN-debug] [WARNING] You trusted all proxies, this is NOT safe. We recommend you to set a value.
Please check https://github.com/gin-gonic/gin/blob/master/docs/doc.md#dont-trust-all-proxies for details.
[GIN-debug] Listening and serving HTTP on :8080
!exclude .git
!exclude .git
internal\handlers\broker_summary.go has changed
Process Exit with Code: 1
building...
!exclude .git
!exclude .git
!exclude .git
!exclude .git
running...
2026/08/17 02:39:01 ✅ MySQL connected (sqlx)
[GIN-debug] [WARNING] Creating an Engine instance with the Logger and Recovery middleware already attached.

[GIN-debug] [WARNING] Running in "debug" mode. Switch to "release" mode in production.
 - using env:	export GIN_MODE=release
 - using code:	gin.SetMode(gin.ReleaseMode)

[GIN-debug] GET    /health                   --> indonesia-stocks-api/internal/handlers.HealthCheck (3 handlers)
[GIN-debug] GET    /idx/brokersummary        --> indonesia-stocks-api/internal/handlers.FetchBrokerSummary (3 handlers)
[GIN-debug] GET    /idx/brokersummary/analyze --> indonesia-stocks-api/internal/handlers.AnalyzeBrokerSummary (3 handlers)
[GIN-debug] POST   /tradingsummary/insert    --> indonesia-stocks-api/internal/handlers.InsertTradingSummary (3 handlers)
[GIN-debug] POST   /idx/syncbroker           --> indonesia-stocks-api/internal/handlers.SyncBrokerFromIDX (3 handlers)
[GIN-debug] POST   /idx/syncstocks           --> indonesia-stocks-api/internal/handlers.SyncStocksFromIDX (3 handlers)
[GIN-debug] GET    /analyze/single-stocks    --> indonesia-stocks-api/internal/handlers.StatisticSingleStock (3 handlers)
[GIN-debug] GET    /analyze/top-accumulation --> indonesia-stocks-api/internal/handlers.GetTopAccumulation (3 handlers)
[GIN-debug] GET    /analyze/top-accumulation-eod --> indonesia-stocks-api/internal/handlers.GetTopAccumulationEod (3 handlers)
[GIN-debug] GET    /analyze/silent-accumulation --> indonesia-stocks-api/internal/handlers.GetSilentAccumulation (3 handlers)
[GIN-debug] GET    /backtest/top-accumulation-eod --> indonesia-stocks-api/internal/handlers.RunBacktestEOD (3 handlers)
[GIN-debug] GET    /analyze/top-scalping-daily --> indonesia-stocks-api/internal/handlers.GetTopScalping (3 handlers)
[GIN-debug] GET    /exodus/broker-summary    --> indonesia-stocks-api/internal/handlers.GetExodusBrokerSummary (3 handlers)
[GIN-debug] POST   /exodus/broker-summary/fetch --> indonesia-stocks-api/internal/handlers.FetchExodusBrokerSummary (3 handlers)
[GIN-debug] [WARNING] You trusted all proxies, this is NOT safe. We recommend you to set a value.
Please check https://github.com/gin-gonic/gin/blob/master/docs/doc.md#dont-trust-all-proxies for details.
[GIN-debug] Listening and serving HTTP on :8080
[GIN-debug] [ERROR] listen tcp :8080: bind: Only one usage of each socket address (protocol/network address/port) is normally permitted.
Process Exit with Code 0
internal\handlers\broker_summary.go has changed
building...
!exclude .git
!exclude .git
!exclude .git
!exclude .git
running...
2026/08/17 02:39:07 ✅ MySQL connected (sqlx)
[GIN-debug] [WARNING] Creating an Engine instance with the Logger and Recovery middleware already attached.

[GIN-debug] [WARNING] Running in "debug" mode. Switch to "release" mode in production.
 - using env:	export GIN_MODE=release
 - using code:	gin.SetMode(gin.ReleaseMode)

[GIN-debug] GET    /health                   --> indonesia-stocks-api/internal/handlers.HealthCheck (3 handlers)
[GIN-debug] GET    /idx/brokersummary        --> indonesia-stocks-api/internal/handlers.FetchBrokerSummary (3 handlers)
[GIN-debug] GET    /idx/brokersummary/analyze --> indonesia-stocks-api/internal/handlers.AnalyzeBrokerSummary (3 handlers)
[GIN-debug] POST   /tradingsummary/insert    --> indonesia-stocks-api/internal/handlers.InsertTradingSummary (3 handlers)
[GIN-debug] POST   /idx/syncbroker           --> indonesia-stocks-api/internal/handlers.SyncBrokerFromIDX (3 handlers)
[GIN-debug] POST   /idx/syncstocks           --> indonesia-stocks-api/internal/handlers.SyncStocksFromIDX (3 handlers)
[GIN-debug] GET    /analyze/single-stocks    --> indonesia-stocks-api/internal/handlers.StatisticSingleStock (3 handlers)
[GIN-debug] GET    /analyze/top-accumulation --> indonesia-stocks-api/internal/handlers.GetTopAccumulation (3 handlers)
[GIN-debug] GET    /analyze/top-accumulation-eod --> indonesia-stocks-api/internal/handlers.GetTopAccumulationEod (3 handlers)
[GIN-debug] GET    /analyze/silent-accumulation --> indonesia-stocks-api/internal/handlers.GetSilentAccumulation (3 handlers)
[GIN-debug] GET    /backtest/top-accumulation-eod --> indonesia-stocks-api/internal/handlers.RunBacktestEOD (3 handlers)
[GIN-debug] GET    /analyze/top-scalping-daily --> indonesia-stocks-api/internal/handlers.GetTopScalping (3 handlers)
[GIN-debug] GET    /exodus/broker-summary    --> indonesia-stocks-api/internal/handlers.GetExodusBrokerSummary (3 handlers)
[GIN-debug] POST   /exodus/broker-summary/fetch --> indonesia-stocks-api/internal/handlers.FetchExodusBrokerSummary (3 handlers)
[GIN-debug] [WARNING] You trusted all proxies, this is NOT safe. We recommend you to set a value.
Please check https://github.com/gin-gonic/gin/blob/master/docs/doc.md#dont-trust-all-proxies for details.
[GIN-debug] Listening and serving HTTP on :8080
[GIN] 2026/08/17 - 02:39:54 | 200 |    995.9849ms |             ::1 | POST     "/exodus/broker-summary/fetch"
[GIN] 2026/08/17 - 02:39:59 | 200 |      4.4638ms |             ::1 | GET      "/exodus/broker-summary?symbol=CUAN"
[GIN] 2026/08/17 - 02:41:59 | 200 |      1.2218ms |             ::1 | GET      "/exodus/broker-summary?symbol=CUAN&from=2026-08-04&to=2026-08-04"
internal\models\exodus.go has changed
Process Exit with Code: 1
building...
!exclude .git
!exclude .git
!exclude .git
!exclude .git
running...
2026/08/17 02:42:20 ✅ MySQL connected (sqlx)
[GIN-debug] [WARNING] Creating an Engine instance with the Logger and Recovery middleware already attached.

[GIN-debug] [WARNING] Running in "debug" mode. Switch to "release" mode in production.
 - using env:	export GIN_MODE=release
 - using code:	gin.SetMode(gin.ReleaseMode)

[GIN-debug] GET    /health                   --> indonesia-stocks-api/internal/handlers.HealthCheck (3 handlers)
[GIN-debug] GET    /idx/brokersummary        --> indonesia-stocks-api/internal/handlers.FetchBrokerSummary (3 handlers)
[GIN-debug] GET    /idx/brokersummary/analyze --> indonesia-stocks-api/internal/handlers.AnalyzeBrokerSummary (3 handlers)
[GIN-debug] POST   /tradingsummary/insert    --> indonesia-stocks-api/internal/handlers.InsertTradingSummary (3 handlers)
[GIN-debug] POST   /idx/syncbroker           --> indonesia-stocks-api/internal/handlers.SyncBrokerFromIDX (3 handlers)
[GIN-debug] POST   /idx/syncstocks           --> indonesia-stocks-api/internal/handlers.SyncStocksFromIDX (3 handlers)
[GIN-debug] GET    /analyze/single-stocks    --> indonesia-stocks-api/internal/handlers.StatisticSingleStock (3 handlers)
[GIN-debug] GET    /analyze/top-accumulation --> indonesia-stocks-api/internal/handlers.GetTopAccumulation (3 handlers)
[GIN-debug] GET    /analyze/top-accumulation-eod --> indonesia-stocks-api/internal/handlers.GetTopAccumulationEod (3 handlers)
[GIN-debug] GET    /analyze/silent-accumulation --> indonesia-stocks-api/internal/handlers.GetSilentAccumulation (3 handlers)
[GIN-debug] GET    /backtest/top-accumulation-eod --> indonesia-stocks-api/internal/handlers.RunBacktestEOD (3 handlers)
[GIN-debug] GET    /analyze/top-scalping-daily --> indonesia-stocks-api/internal/handlers.GetTopScalping (3 handlers)
[GIN-debug] GET    /exodus/broker-summary    --> indonesia-stocks-api/internal/handlers.GetExodusBrokerSummary (3 handlers)
[GIN-debug] POST   /exodus/broker-summary/fetch --> indonesia-stocks-api/internal/handlers.FetchExodusBrokerSummary (3 handlers)
[GIN-debug] [WARNING] You trusted all proxies, this is NOT safe. We recommend you to set a value.
Please check https://github.com/gin-gonic/gin/blob/master/docs/doc.md#dont-trust-all-proxies for details.
[GIN-debug] Listening and serving HTTP on :8080
internal\repositories\exodus.go has changed
Process Exit with Code: 1
building...
!exclude .git
!exclude .git
!exclude .git
!exclude .git
running...
2026/08/17 02:42:28 ✅ MySQL connected (sqlx)
[GIN-debug] [WARNING] Creating an Engine instance with the Logger and Recovery middleware already attached.

[GIN-debug] [WARNING] Running in "debug" mode. Switch to "release" mode in production.
 - using env:	export GIN_MODE=release
 - using code:	gin.SetMode(gin.ReleaseMode)

[GIN-debug] GET    /health                   --> indonesia-stocks-api/internal/handlers.HealthCheck (3 handlers)
[GIN-debug] GET    /idx/brokersummary        --> indonesia-stocks-api/internal/handlers.FetchBrokerSummary (3 handlers)
[GIN-debug] GET    /idx/brokersummary/analyze --> indonesia-stocks-api/internal/handlers.AnalyzeBrokerSummary (3 handlers)
[GIN-debug] POST   /tradingsummary/insert    --> indonesia-stocks-api/internal/handlers.InsertTradingSummary (3 handlers)
[GIN-debug] POST   /idx/syncbroker           --> indonesia-stocks-api/internal/handlers.SyncBrokerFromIDX (3 handlers)
[GIN-debug] POST   /idx/syncstocks           --> indonesia-stocks-api/internal/handlers.SyncStocksFromIDX (3 handlers)
[GIN-debug] GET    /analyze/single-stocks    --> indonesia-stocks-api/internal/handlers.StatisticSingleStock (3 handlers)
[GIN-debug] GET    /analyze/top-accumulation --> indonesia-stocks-api/internal/handlers.GetTopAccumulation (3 handlers)
[GIN-debug] GET    /analyze/top-accumulation-eod --> indonesia-stocks-api/internal/handlers.GetTopAccumulationEod (3 handlers)
[GIN-debug] GET    /analyze/silent-accumulation --> indonesia-stocks-api/internal/handlers.GetSilentAccumulation (3 handlers)
[GIN-debug] GET    /backtest/top-accumulation-eod --> indonesia-stocks-api/internal/handlers.RunBacktestEOD (3 handlers)
[GIN-debug] GET    /analyze/top-scalping-daily --> indonesia-stocks-api/internal/handlers.GetTopScalping (3 handlers)
[GIN-debug] GET    /exodus/broker-summary    --> indonesia-stocks-api/internal/handlers.GetExodusBrokerSummary (3 handlers)
[GIN-debug] POST   /exodus/broker-summary/fetch --> indonesia-stocks-api/internal/handlers.FetchExodusBrokerSummary (3 handlers)
[GIN-debug] [WARNING] You trusted all proxies, this is NOT safe. We recommend you to set a value.
Please check https://github.com/gin-gonic/gin/blob/master/docs/doc.md#dont-trust-all-proxies for details.
[GIN-debug] Listening and serving HTTP on :8080
internal\handlers\exodus_broker_summary.go has changed
building...
Process Exit with Code: 1
!exclude .git
!exclude .git
!exclude .git
!exclude .git
# indonesia-stocks-api/internal/handlers
internal\handlers\exodus_broker_summary.go:155:12: undefined: models
internal\handlers\exodus_broker_summary.go:177:25: undefined: helpers
internal\handlers\exodus_broker_summary.go:184:21: undefined: fmt
internal\handlers\exodus_broker_summary.go:192:11: undefined: models
internal\handlers\exodus_broker_summary.go:193:12: undefined: models
internal\handlers\exodus_broker_summary.go:204:13: undefined: sortDescByNet
internal\handlers\exodus_broker_summary.go:205:14: undefined: sortDescByNet
internal\handlers\exodus_broker_summary.go:210:29: undefined: helpers
internal\handlers\exodus_broker_summary.go:227:23: undefined: models
internal\handlers\exodus_broker_summary.go:245:23: undefined: models
internal\handlers\exodus_broker_summary.go:210:29: too many errors
failed to build, error: exit status 1
internal\handlers\exodus_broker_summary.go has changed
building...
!exclude .git
!exclude .git
# indonesia-stocks-api/internal/handlers
internal\handlers\exodus_broker_summary.go:155:12: undefined: models
internal\handlers\exodus_broker_summary.go:177:25: undefined: helpers
internal\handlers\exodus_broker_summary.go:184:21: undefined: fmt
internal\handlers\exodus_broker_summary.go:192:11: undefined: models
internal\handlers\exodus_broker_summary.go:193:12: undefined: models
internal\handlers\exodus_broker_summary.go:207:29: undefined: helpers
internal\handlers\exodus_broker_summary.go:208:30: undefined: helpers
internal\handlers\exodus_broker_summary.go:209:29: undefined: helpers
internal\handlers\exodus_broker_summary.go:220:23: undefined: models
internal\handlers\exodus_broker_summary.go:238:23: undefined: models
internal\handlers\exodus_broker_summary.go:209:29: too many errors
failed to build, error: exit status 1
internal\handlers\exodus_broker_summary.go has changed
building...
!exclude .git
!exclude .git
!exclude .git
!exclude .git
!exclude .git
!exclude .git
running...
2026/08/17 02:42:49 ✅ MySQL connected (sqlx)
[GIN-debug] [WARNING] Creating an Engine instance with the Logger and Recovery middleware already attached.

[GIN-debug] [WARNING] Running in "debug" mode. Switch to "release" mode in production.
 - using env:	export GIN_MODE=release
 - using code:	gin.SetMode(gin.ReleaseMode)

[GIN-debug] GET    /health                   --> indonesia-stocks-api/internal/handlers.HealthCheck (3 handlers)
[GIN-debug] GET    /idx/brokersummary        --> indonesia-stocks-api/internal/handlers.FetchBrokerSummary (3 handlers)
[GIN-debug] GET    /idx/brokersummary/analyze --> indonesia-stocks-api/internal/handlers.AnalyzeBrokerSummary (3 handlers)
[GIN-debug] POST   /tradingsummary/insert    --> indonesia-stocks-api/internal/handlers.InsertTradingSummary (3 handlers)
[GIN-debug] POST   /idx/syncbroker           --> indonesia-stocks-api/internal/handlers.SyncBrokerFromIDX (3 handlers)
[GIN-debug] POST   /idx/syncstocks           --> indonesia-stocks-api/internal/handlers.SyncStocksFromIDX (3 handlers)
[GIN-debug] GET    /analyze/single-stocks    --> indonesia-stocks-api/internal/handlers.StatisticSingleStock (3 handlers)
[GIN-debug] GET    /analyze/top-accumulation --> indonesia-stocks-api/internal/handlers.GetTopAccumulation (3 handlers)
[GIN-debug] GET    /analyze/top-accumulation-eod --> indonesia-stocks-api/internal/handlers.GetTopAccumulationEod (3 handlers)
[GIN-debug] GET    /analyze/silent-accumulation --> indonesia-stocks-api/internal/handlers.GetSilentAccumulation (3 handlers)
[GIN-debug] GET    /backtest/top-accumulation-eod --> indonesia-stocks-api/internal/handlers.RunBacktestEOD (3 handlers)
[GIN-debug] GET    /analyze/top-scalping-daily --> indonesia-stocks-api/internal/handlers.GetTopScalping (3 handlers)
[GIN-debug] GET    /exodus/broker-summary    --> indonesia-stocks-api/internal/handlers.GetExodusBrokerSummary (3 handlers)
[GIN-debug] POST   /exodus/broker-summary/fetch --> indonesia-stocks-api/internal/handlers.FetchExodusBrokerSummary (3 handlers)
[GIN-debug] [WARNING] You trusted all proxies, this is NOT safe. We recommend you to set a value.
Please check https://github.com/gin-gonic/gin/blob/master/docs/doc.md#dont-trust-all-proxies for details.
[GIN-debug] Listening and serving HTTP on :8080
[GIN-debug] [ERROR] listen tcp :8080: bind: Only one usage of each socket address (protocol/network address/port) is normally permitted.
Process Exit with Code 0
internal\routes\routes.go has changed
building...
!exclude .git
!exclude .git
!exclude .git
!exclude .git
running...
!exclude .git
!exclude .git
2026/08/17 02:42:59 ✅ MySQL connected (sqlx)
[GIN-debug] [WARNING] Creating an Engine instance with the Logger and Recovery middleware already attached.

[GIN-debug] [WARNING] Running in "debug" mode. Switch to "release" mode in production.
 - using env:	export GIN_MODE=release
 - using code:	gin.SetMode(gin.ReleaseMode)

[GIN-debug] GET    /health                   --> indonesia-stocks-api/internal/handlers.HealthCheck (3 handlers)
[GIN-debug] GET    /idx/brokersummary        --> indonesia-stocks-api/internal/handlers.FetchBrokerSummary (3 handlers)
[GIN-debug] GET    /idx/brokersummary/analyze --> indonesia-stocks-api/internal/handlers.AnalyzeBrokerSummary (3 handlers)
[GIN-debug] POST   /tradingsummary/insert    --> indonesia-stocks-api/internal/handlers.InsertTradingSummary (3 handlers)
[GIN-debug] POST   /idx/syncbroker           --> indonesia-stocks-api/internal/handlers.SyncBrokerFromIDX (3 handlers)
[GIN-debug] POST   /idx/syncstocks           --> indonesia-stocks-api/internal/handlers.SyncStocksFromIDX (3 handlers)
[GIN-debug] GET    /analyze/single-stocks    --> indonesia-stocks-api/internal/handlers.StatisticSingleStock (3 handlers)
[GIN-debug] GET    /analyze/top-accumulation --> indonesia-stocks-api/internal/handlers.GetTopAccumulation (3 handlers)
[GIN-debug] GET    /analyze/top-accumulation-eod --> indonesia-stocks-api/internal/handlers.GetTopAccumulationEod (3 handlers)
[GIN-debug] GET    /analyze/silent-accumulation --> indonesia-stocks-api/internal/handlers.GetSilentAccumulation (3 handlers)
[GIN-debug] GET    /backtest/top-accumulation-eod --> indonesia-stocks-api/internal/handlers.RunBacktestEOD (3 handlers)
[GIN-debug] GET    /analyze/top-scalping-daily --> indonesia-stocks-api/internal/handlers.GetTopScalping (3 handlers)
[GIN-debug] GET    /exodus/broker-summary    --> indonesia-stocks-api/internal/handlers.GetExodusBrokerSummary (3 handlers)
[GIN-debug] GET    /exodus/broker-summary/analyze-flow --> indonesia-stocks-api/internal/handlers.AnalyzeExodusBrokerFlow (3 handlers)
[GIN-debug] POST   /exodus/broker-summary/fetch --> indonesia-stocks-api/internal/handlers.FetchExodusBrokerSummary (3 handlers)
[GIN-debug] [WARNING] You trusted all proxies, this is NOT safe. We recommend you to set a value.
Please check https://github.com/gin-gonic/gin/blob/master/docs/doc.md#dont-trust-all-proxies for details.
[GIN-debug] Listening and serving HTTP on :8080
[GIN-debug] [ERROR] listen tcp :8080: bind: Only one usage of each socket address (protocol/network address/port) is normally permitted.
Process Exit with Code 0
internal\handlers\exodus_broker_summary.go has changed
building...
!exclude .git
!exclude .git
# indonesia-stocks-api/internal/handlers
internal\handlers\exodus_broker_summary.go:208:6: no new variables on left side of :=
internal\handlers\exodus_broker_summary.go:209:7: no new variables on left side of :=
failed to build, error: exit status 1
!exclude .git
!exclude .git
internal\handlers\exodus_broker_summary.go has changed
building...
!exclude .git
!exclude .git
running...
2026/08/17 02:47:25 ✅ MySQL connected (sqlx)
[GIN-debug] [WARNING] Creating an Engine instance with the Logger and Recovery middleware already attached.

[GIN-debug] [WARNING] Running in "debug" mode. Switch to "release" mode in production.
 - using env:	export GIN_MODE=release
 - using code:	gin.SetMode(gin.ReleaseMode)

[GIN-debug] GET    /health                   --> indonesia-stocks-api/internal/handlers.HealthCheck (3 handlers)
[GIN-debug] GET    /idx/brokersummary        --> indonesia-stocks-api/internal/handlers.FetchBrokerSummary (3 handlers)
[GIN-debug] GET    /idx/brokersummary/analyze --> indonesia-stocks-api/internal/handlers.AnalyzeBrokerSummary (3 handlers)
[GIN-debug] POST   /tradingsummary/insert    --> indonesia-stocks-api/internal/handlers.InsertTradingSummary (3 handlers)
[GIN-debug] POST   /idx/syncbroker           --> indonesia-stocks-api/internal/handlers.SyncBrokerFromIDX (3 handlers)
[GIN-debug] POST   /idx/syncstocks           --> indonesia-stocks-api/internal/handlers.SyncStocksFromIDX (3 handlers)
[GIN-debug] GET    /analyze/single-stocks    --> indonesia-stocks-api/internal/handlers.StatisticSingleStock (3 handlers)
[GIN-debug] GET    /analyze/top-accumulation --> indonesia-stocks-api/internal/handlers.GetTopAccumulation (3 handlers)
[GIN-debug] GET    /analyze/top-accumulation-eod --> indonesia-stocks-api/internal/handlers.GetTopAccumulationEod (3 handlers)
[GIN-debug] GET    /analyze/silent-accumulation --> indonesia-stocks-api/internal/handlers.GetSilentAccumulation (3 handlers)
[GIN-debug] GET    /backtest/top-accumulation-eod --> indonesia-stocks-api/internal/handlers.RunBacktestEOD (3 handlers)
[GIN-debug] GET    /analyze/top-scalping-daily --> indonesia-stocks-api/internal/handlers.GetTopScalping (3 handlers)
[GIN-debug] GET    /exodus/broker-summary    --> indonesia-stocks-api/internal/handlers.GetExodusBrokerSummary (3 handlers)
[GIN-debug] GET    /exodus/broker-summary/analyze-flow --> indonesia-stocks-api/internal/handlers.AnalyzeExodusBrokerFlow (3 handlers)
[GIN-debug] POST   /exodus/broker-summary/fetch --> indonesia-stocks-api/internal/handlers.FetchExodusBrokerSummary (3 handlers)
[GIN-debug] [WARNING] You trusted all proxies, this is NOT safe. We recommend you to set a value.
Please check https://github.com/gin-gonic/gin/blob/master/docs/doc.md#dont-trust-all-proxies for details.
[GIN-debug] Listening and serving HTTP on :8080
!exclude .git
!exclude .git
[GIN] 2026/08/17 - 02:47:34 | 200 |      5.7901ms |             ::1 | GET      "/exodus/broker-summary/analyze-flow?symbol=CUAN&from=2026-08-03&to=2026-08-14"
[GIN] 2026/08/17 - 02:47:54 | 200 |      4.8842ms |             ::1 | GET      "/exodus/broker-summary/analyze-flow?symbol=CUAN&from=2026-08-03&to=2026-08-14"
[GIN] 2026/08/17 - 02:49:41 | 200 |       529.1µs |             ::1 | GET      "/exodus/broker-summary/analyze-flow?symbol=BBCA&from=2026-08-03&to=2026-08-14"
[GIN] 2026/08/17 - 02:50:41 | 404 |            0s |             ::1 | GET      "/exodus/broker-summary/fetch?symbol=CUAN&from=2026-07-10&to=2026-08-05"
[GIN] 2026/08/17 - 02:51:35 | 200 |    1.0298013s |             ::1 | POST     "/exodus/broker-summary/fetch"
[GIN] 2026/08/17 - 02:51:49 | 200 |    907.1187ms |             ::1 | POST     "/exodus/broker-summary/fetch"
[GIN] 2026/08/17 - 02:54:21 | 200 |       7.291ms |             ::1 | GET      "/exodus/broker-summary?symbol=CUAN"
[GIN] 2026/08/17 - 02:54:33 | 200 |    7.0749467s |             ::1 | POST     "/tradingsummary/insert"
internal\models\sync_idx_data.go has changed
building...
Process Exit with Code: 1
!exclude .git
!exclude .git
!exclude .git
!exclude .git
running...
2026/08/17 03:11:19 ✅ MySQL connected (sqlx)
[GIN-debug] [WARNING] Creating an Engine instance with the Logger and Recovery middleware already attached.

[GIN-debug] [WARNING] Running in "debug" mode. Switch to "release" mode in production.
 - using env:	export GIN_MODE=release
 - using code:	gin.SetMode(gin.ReleaseMode)

[GIN-debug] GET    /health                   --> indonesia-stocks-api/internal/handlers.HealthCheck (3 handlers)
[GIN-debug] GET    /idx/brokersummary        --> indonesia-stocks-api/internal/handlers.FetchBrokerSummary (3 handlers)
[GIN-debug] GET    /idx/brokersummary/analyze --> indonesia-stocks-api/internal/handlers.AnalyzeBrokerSummary (3 handlers)
[GIN-debug] POST   /tradingsummary/insert    --> indonesia-stocks-api/internal/handlers.InsertTradingSummary (3 handlers)
[GIN-debug] POST   /idx/syncbroker           --> indonesia-stocks-api/internal/handlers.SyncBrokerFromIDX (3 handlers)
[GIN-debug] POST   /idx/syncstocks           --> indonesia-stocks-api/internal/handlers.SyncStocksFromIDX (3 handlers)
[GIN-debug] GET    /analyze/single-stocks    --> indonesia-stocks-api/internal/handlers.StatisticSingleStock (3 handlers)
[GIN-debug] GET    /analyze/top-accumulation --> indonesia-stocks-api/internal/handlers.GetTopAccumulation (3 handlers)
[GIN-debug] GET    /analyze/top-accumulation-eod --> indonesia-stocks-api/internal/handlers.GetTopAccumulationEod (3 handlers)
[GIN-debug] GET    /analyze/silent-accumulation --> indonesia-stocks-api/internal/handlers.GetSilentAccumulation (3 handlers)
[GIN-debug] GET    /backtest/top-accumulation-eod --> indonesia-stocks-api/internal/handlers.RunBacktestEOD (3 handlers)
[GIN-debug] GET    /analyze/top-scalping-daily --> indonesia-stocks-api/internal/handlers.GetTopScalping (3 handlers)
[GIN-debug] GET    /exodus/broker-summary    --> indonesia-stocks-api/internal/handlers.GetExodusBrokerSummary (3 handlers)
[GIN-debug] GET    /exodus/broker-summary/analyze-flow --> indonesia-stocks-api/internal/handlers.AnalyzeExodusBrokerFlow (3 handlers)
[GIN-debug] POST   /exodus/broker-summary/fetch --> indonesia-stocks-api/internal/handlers.FetchExodusBrokerSummary (3 handlers)
[GIN-debug] [WARNING] You trusted all proxies, this is NOT safe. We recommend you to set a value.
Please check https://github.com/gin-gonic/gin/blob/master/docs/doc.md#dont-trust-all-proxies for details.
[GIN-debug] Listening and serving HTTP on :8080
internal\repositories\broker.go has changed
Process Exit with Code: 1
building...
!exclude .git
!exclude .git
!exclude .git
!exclude .git
running...
2026/08/17 03:12:33 ✅ MySQL connected (sqlx)
[GIN-debug] [WARNING] Creating an Engine instance with the Logger and Recovery middleware already attached.

[GIN-debug] [WARNING] Running in "debug" mode. Switch to "release" mode in production.
 - using env:	export GIN_MODE=release
 - using code:	gin.SetMode(gin.ReleaseMode)

[GIN-debug] GET    /health                   --> indonesia-stocks-api/internal/handlers.HealthCheck (3 handlers)
[GIN-debug] GET    /idx/brokersummary        --> indonesia-stocks-api/internal/handlers.FetchBrokerSummary (3 handlers)
[GIN-debug] GET    /idx/brokersummary/analyze --> indonesia-stocks-api/internal/handlers.AnalyzeBrokerSummary (3 handlers)
[GIN-debug] POST   /tradingsummary/insert    --> indonesia-stocks-api/internal/handlers.InsertTradingSummary (3 handlers)
[GIN-debug] POST   /idx/syncbroker           --> indonesia-stocks-api/internal/handlers.SyncBrokerFromIDX (3 handlers)
[GIN-debug] POST   /idx/syncstocks           --> indonesia-stocks-api/internal/handlers.SyncStocksFromIDX (3 handlers)
[GIN-debug] GET    /analyze/single-stocks    --> indonesia-stocks-api/internal/handlers.StatisticSingleStock (3 handlers)
[GIN-debug] GET    /analyze/top-accumulation --> indonesia-stocks-api/internal/handlers.GetTopAccumulation (3 handlers)
[GIN-debug] GET    /analyze/top-accumulation-eod --> indonesia-stocks-api/internal/handlers.GetTopAccumulationEod (3 handlers)
[GIN-debug] GET    /analyze/silent-accumulation --> indonesia-stocks-api/internal/handlers.GetSilentAccumulation (3 handlers)
[GIN-debug] GET    /backtest/top-accumulation-eod --> indonesia-stocks-api/internal/handlers.RunBacktestEOD (3 handlers)
[GIN-debug] GET    /analyze/top-scalping-daily --> indonesia-stocks-api/internal/handlers.GetTopScalping (3 handlers)
[GIN-debug] GET    /exodus/broker-summary    --> indonesia-stocks-api/internal/handlers.GetExodusBrokerSummary (3 handlers)
[GIN-debug] GET    /exodus/broker-summary/analyze-flow --> indonesia-stocks-api/internal/handlers.AnalyzeExodusBrokerFlow (3 handlers)
[GIN-debug] POST   /exodus/broker-summary/fetch --> indonesia-stocks-api/internal/handlers.FetchExodusBrokerSummary (3 handlers)
[GIN-debug] [WARNING] You trusted all proxies, this is NOT safe. We recommend you to set a value.
Please check https://github.com/gin-gonic/gin/blob/master/docs/doc.md#dont-trust-all-proxies for details.
[GIN-debug] Listening and serving HTTP on :8080
!exclude .git
!exclude .git
!exclude .git
!exclude .git
!exclude .git
!exclude .git
!exclude .git
!exclude .git
[GIN] 2026/08/17 - 03:43:42 | 200 |     12.3886ms |             ::1 | GET      "/exodus/broker-summary/analyze-flow?symbol=BBCA&from=2026-08-03&to=2026-08-14"
[GIN] 2026/08/17 - 03:43:49 | 200 |      5.7351ms |             ::1 | GET      "/exodus/broker-summary/analyze-flow?symbol=CUAN&from=2026-08-03&to=2026-08-14"
Process Exit with Code: 1073807364
cleaning...
deleting C:\Project_rnldy\indonesia-stocks-api\tmp
failed to delete tmp dir, err: unlinkat C:\Project_rnldy\indonesia-stocks-api\tmp\server.exe: Access is denied.
see you again~
