2026/08/17 02:34:04 ✅ MySQL connected (sqlx)
[GIN-debug] [WARNING] Creating an Engine instance with the Logger and Recovery middleware already attached.

[GIN-debug] [WARNING] Running in "debug" mode. Switch to "release" mode in production.
 - using env:	export GIN_MODE=release
 - using code:	gin.SetMode(gin.ReleaseMode)

[GIN-debug] GET    /health                   --> indonesia-stocks-api/internal/handlers.HealthCheck (3 handlers)
[GIN-debug] GET    /idx/brokersummary        --> indonesia-stocks-api/internal/handlers.FetchBrokerSummary (3 handlers)
[GIN-debug] GET    /idx/brokersummary/analyze --> indonesia-stocks-api/internal/handlers.AnalyzeBrokerSummary (3 handlers)
[GIN-debug] POST   /tradingsummary/insert    --> indonesia-stocks-api/internal/handlers.InsertTradingSummary (3 handlers)
[GIN-debug] POST   /idx/syncbroker           --> indonesia-stocks-api/internal/handlers.SyncBrokerFromIDX (3 handlers)
[GIN-debug] POST   /idx/syncstocks           --> indonesia-stocks-api/internal/handlers.SyncStocksFromIDX (3 handlers)
[GIN-debug] GET    /analyze/single-stocks    --> indonesia-stocks-api/internal/handlers.StatisticSingleStock (3 handlers)
[GIN-debug] GET    /analyze/top-accumulation --> indonesia-stocks-api/internal/handlers.GetTopAccumulation (3 handlers)
[GIN-debug] GET    /analyze/top-accumulation-eod --> indonesia-stocks-api/internal/handlers.GetTopAccumulationEod (3 handlers)
[GIN-debug] GET    /analyze/silent-accumulation --> indonesia-stocks-api/internal/handlers.GetSilentAccumulation (3 handlers)
[GIN-debug] GET    /backtest/top-accumulation-eod --> indonesia-stocks-api/internal/handlers.RunBacktestEOD (3 handlers)
[GIN-debug] GET    /analyze/top-scalping-daily --> indonesia-stocks-api/internal/handlers.GetTopScalping (3 handlers)
[GIN-debug] GET    /exodus/broker-summary    --> indonesia-stocks-api/internal/handlers.GetExodusBrokerSummary (3 handlers)
[GIN-debug] POST   /exodus/broker-summary/fetch --> indonesia-stocks-api/internal/handlers.FetchExodusBrokerSummary (3 handlers)
[GIN-debug] [WARNING] You trusted all proxies, this is NOT safe. We recommend you to set a value.
Please check https://github.com/gin-gonic/gin/blob/master/docs/doc.md#dont-trust-all-proxies for details.
[GIN-debug] Listening and serving HTTP on :8080
[GIN] 2026/08/17 - 02:34:07 | 200 |            0s |             ::1 | GET      "/health"
[GIN] 2026/08/17 - 02:35:17 | 200 |    265.4243ms |             ::1 | POST     "/exodus/broker-summary/fetch"
[GIN] 2026/08/17 - 02:35:22 | 200 |      2.2624ms |             ::1 | GET      "/exodus/broker-summary?symbol=CUAN"
